// Jest Snapshot v1, https://goo.gl/fbAQLP

exports[`Component SecretPage Component rendered correctly when isLoggedIn is false 1`] = `"<Redirect to=\\"/login\\" />"`;
