// Jest Snapshot v1, https://goo.gl/fbAQLP

exports[`Component Header Component rendered correctly 1`] = `
"<div className=\\"header d-flex\\">
  <h3>
    <Link to=\\"/\\">
      Star DB
    </Link>
  </h3>
  <ul className=\\"d-flex\\">
    <li>
      <Link to=\\"/people/\\">
        People
      </Link>
    </li>
    <li>
      <Link to=\\"/planets/\\">
        Planets
      </Link>
    </li>
    <li>
      <Link to=\\"/starships/\\">
        Starships
      </Link>
    </li>
    <li>
      <Link to=\\"/secret\\">
        Secret Page
      </Link>
    </li>
    <li>
      <Link to=\\"/login\\">
        LogIn
      </Link>
    </li>
  </ul>
</div>"
`;
