// Jest Snapshot v1, https://goo.gl/fbAQLP

exports[`Component PersonPage Component rendered correctly 1`] = `"<Row left={{...}} right={{...}} />"`;
