// Jest Snapshot v1, https://goo.gl/fbAQLP

exports[`Component PlanetPage Component rendered correctly 1`] = `"<Row left={{...}} right={{...}} />"`;
